../Core/Src/main.c:115:6:HAL_ADC_ConvCpltCallback	16	static
../Core/Src/main.c:183:6:HAL_TIM_OC_DelayElapsedCallback	48	static
../Core/Src/main.c:251:6:HAL_TIM_IC_CaptureCallback	16	static
../Core/Src/main.c:271:5:main	8	static
../Core/Src/main.c:341:6:SystemClock_Config	88	static
../Core/Src/main.c:388:13:MX_ADC1_Init	24	static
../Core/Src/main.c:440:13:MX_TIM3_Init	64	static
../Core/Src/main.c:506:13:MX_TIM4_Init	32	static
../Core/Src/main.c:554:13:MX_USART2_UART_Init	8	static
../Core/Src/main.c:587:13:MX_GPIO_Init	40	static
../Core/Src/main.c:630:6:Error_Handler	4	static,ignoring_inline_asm
